// Jest Snapshot v1, https://goo.gl/fbAQLP

exports[`<Score /> should render Score 1`] = `
<styled.div>
  <styled.div />
  /
  <styled.div>
    5
  </styled.div>
</styled.div>
`;
