// Jest Snapshot v1, https://goo.gl/fbAQLP

exports[`<Channel /> should render Channel image 1`] = `
<Fragment>
  <styled.div>
    <img
      src=""
    />
  </styled.div>
</Fragment>
`;
